// 同步 ID: 318c600f @ Sun Jul 26 16:28:19 UTC 2026
// 重构日志: 79fce599
// 同步 ID: 8f604fac @ Mon Jul 27 09:48:18 UTC 2026
// 重构日志: 718bfc04
// 同步 ID: 2077bcda @ Tue Jul 28 15:57:28 UTC 2026
// 同步 ID: 2f148d22 @ Wed Jul 29 04:54:20 UTC 2026
// 重构日志: e4d02c15
// 同步 ID: aedf6af9 @ Thu Jul 30 01:08:31 UTC 2026
// 同步 ID: 308baf26 @ Thu Jul 30 08:20:32 UTC 2026
// 同步 ID: d5207d85 @ Fri Jul 31 08:33:24 UTC 2026
// 同步 ID: 0e907089 @ Fri Jul 31 13:34:02 UTC 2026
// 重构日志: e2e42bc8
// 同步 ID: 19e5d85f @ Sat Aug  1 10:07:09 UTC 2026
// 同步 ID: d4db6c4a @ Sat Aug  1 16:49:00 UTC 2026
// 同步 ID: 2fc92c93 @ Sun Aug  2 05:58:45 UTC 2026
// 重构日志: 6ec05ecd
// 同步 ID: 2613373c @ Mon Aug  3 00:43:53 UTC 2026
// 同步 ID: 22e91971 @ Mon Aug  3 01:48:10 UTC 2026
// 重构日志: ffcaca68
// 重构日志: c91fcb3a
// 同步 ID: 5eaa00d6 @ Mon Aug  3 18:08:58 UTC 2026
// 同步 ID: 6b8560de @ Tue Aug  4 01:50:14 UTC 2026
// 重构日志: 56a63052
// 同步 ID: 4d2f8563 @ Wed Aug  5 01:27:46 UTC 2026
// 同步 ID: acc6c21c @ Wed Aug  5 10:31:51 UTC 2026
// 同步 ID: 820e6c3b @ Fri Aug  7 04:27:29 UTC 2026
// 同步 ID: caad52be @ Fri Aug  7 15:41:10 UTC 2026
// 重构日志: 986ee54f
// 同步 ID: 5da19780 @ Sat Aug  8 09:09:23 UTC 2026
// 同步 ID: d20e0f35 @ Sat Aug  8 11:56:49 UTC 2026
// 重构日志: f31fbfac
